// Jest Snapshot v1, https://goo.gl/fbAQLP

exports[`formatReminders should format reminders correctly 1`] = `
Array [
  Object {
    "dateOfBirth": "2017-12-22",
    "email": "myemail+xtra@gmail.com",
    "emails": Object {
      "-LA9um4pV5zg_Ac9cYgc": "myemail+xtra@gmail.com",
      "auth": "myemail@gmail.com",
    },
    "gender": "male",
    "name": "Lars",
  },
  Object {
    "dateOfBirth": "2017-12-22",
    "email": "myemail@gmail.com",
    "emails": Object {
      "-LA9um4pV5zg_Ac9cYgc": "myemail+xtra@gmail.com",
      "auth": "myemail@gmail.com",
    },
    "gender": "male",
    "name": "Lars",
  },
  Object {
    "dateOfBirth": "2016-01-25",
    "email": "myemail+xtra@gmail.com",
    "emails": Object {
      "-LA9um4pV5zg_Ac9cYgc": "myemail+xtra@gmail.com",
      "auth": "myemail@gmail.com",
    },
    "gender": "male",
    "name": "Søren",
  },
  Object {
    "dateOfBirth": "2016-01-25",
    "email": "myemail@gmail.com",
    "emails": Object {
      "-LA9um4pV5zg_Ac9cYgc": "myemail+xtra@gmail.com",
      "auth": "myemail@gmail.com",
    },
    "gender": "male",
    "name": "Søren",
  },
  Object {
    "dateOfBirth": "2016-08-15",
    "email": "myemail+xtra@gmail.com",
    "emails": Object {
      "-LA9um4pV5zg_Ac9cYgc": "myemail+xtra@gmail.com",
      "auth": "myemail@gmail.com",
    },
    "gender": "female",
    "name": "Sille",
  },
  Object {
    "dateOfBirth": "2016-08-15",
    "email": "myemail@gmail.com",
    "emails": Object {
      "-LA9um4pV5zg_Ac9cYgc": "myemail+xtra@gmail.com",
      "auth": "myemail@gmail.com",
    },
    "gender": "female",
    "name": "Sille",
  },
]
`;

exports[`getEmailsToSend It should format messages correctly 1`] = `
Array [
  Object {
    "email": "myemail+xtra@gmail.com",
    "message": "Dette er en påmindelse om, at dit barn Lars skal have sin 3 måneders vaccination. Du skal selv bestille tid hos lægen. Læs mere på https://www.sundhed.dk/borger/patienthaandbogen/boern/undersoegelser/boerneundersoegelser/
Med venlig hilsen BørnePåmindelser.dk",
    "subject": "Påmindelse om vaccination af Lars",
  },
  Object {
    "email": "myemail@gmail.com",
    "message": "Dette er en påmindelse om, at dit barn Lars skal have sin 3 måneders vaccination. Du skal selv bestille tid hos lægen. Læs mere på https://www.sundhed.dk/borger/patienthaandbogen/boern/undersoegelser/boerneundersoegelser/
Med venlig hilsen BørnePåmindelser.dk",
    "subject": "Påmindelse om vaccination af Lars",
  },
  Object {
    "email": "myemail+xtra@gmail.com",
    "message": "Dette er en påmindelse om, at dit barn Søren skal have sin 3 måneders vaccination. Du skal selv bestille tid hos lægen. Læs mere på https://www.sundhed.dk/borger/patienthaandbogen/boern/undersoegelser/boerneundersoegelser/
Med venlig hilsen BørnePåmindelser.dk",
    "subject": "Påmindelse om vaccination af Søren",
  },
  Object {
    "email": "myemail@gmail.com",
    "message": "Dette er en påmindelse om, at dit barn Søren skal have sin 3 måneders vaccination. Du skal selv bestille tid hos lægen. Læs mere på https://www.sundhed.dk/borger/patienthaandbogen/boern/undersoegelser/boerneundersoegelser/
Med venlig hilsen BørnePåmindelser.dk",
    "subject": "Påmindelse om vaccination af Søren",
  },
  Object {
    "email": "myemail+xtra@gmail.com",
    "message": "Dette er en påmindelse om, at dit barn Sille skal have sin 3 måneders vaccination. Du skal selv bestille tid hos lægen. Læs mere på https://www.sundhed.dk/borger/patienthaandbogen/boern/undersoegelser/boerneundersoegelser/
Med venlig hilsen BørnePåmindelser.dk",
    "subject": "Påmindelse om vaccination af Sille",
  },
  Object {
    "email": "myemail@gmail.com",
    "message": "Dette er en påmindelse om, at dit barn Sille skal have sin 3 måneders vaccination. Du skal selv bestille tid hos lægen. Læs mere på https://www.sundhed.dk/borger/patienthaandbogen/boern/undersoegelser/boerneundersoegelser/
Med venlig hilsen BørnePåmindelser.dk",
    "subject": "Påmindelse om vaccination af Sille",
  },
  Object {
    "email": "myemail+xtra@gmail.com",
    "message": "Dette er en påmindelse om, at dit barn Lars skal have sin 5 måneders vaccination. Du skal selv bestille tid hos lægen. Læs mere på https://www.sundhed.dk/borger/patienthaandbogen/boern/undersoegelser/boerneundersoegelser/
Med venlig hilsen BørnePåmindelser.dk",
    "subject": "Påmindelse om vaccination af Lars",
  },
  Object {
    "email": "myemail@gmail.com",
    "message": "Dette er en påmindelse om, at dit barn Lars skal have sin 5 måneders vaccination. Du skal selv bestille tid hos lægen. Læs mere på https://www.sundhed.dk/borger/patienthaandbogen/boern/undersoegelser/boerneundersoegelser/
Med venlig hilsen BørnePåmindelser.dk",
    "subject": "Påmindelse om vaccination af Lars",
  },
  Object {
    "email": "myemail+xtra@gmail.com",
    "message": "Dette er en påmindelse om, at dit barn Søren skal have sin 5 måneders vaccination. Du skal selv bestille tid hos lægen. Læs mere på https://www.sundhed.dk/borger/patienthaandbogen/boern/undersoegelser/boerneundersoegelser/
Med venlig hilsen BørnePåmindelser.dk",
    "subject": "Påmindelse om vaccination af Søren",
  },
  Object {
    "email": "myemail@gmail.com",
    "message": "Dette er en påmindelse om, at dit barn Søren skal have sin 5 måneders vaccination. Du skal selv bestille tid hos lægen. Læs mere på https://www.sundhed.dk/borger/patienthaandbogen/boern/undersoegelser/boerneundersoegelser/
Med venlig hilsen BørnePåmindelser.dk",
    "subject": "Påmindelse om vaccination af Søren",
  },
  Object {
    "email": "myemail+xtra@gmail.com",
    "message": "Dette er en påmindelse om, at dit barn Sille skal have sin 5 måneders vaccination. Du skal selv bestille tid hos lægen. Læs mere på https://www.sundhed.dk/borger/patienthaandbogen/boern/undersoegelser/boerneundersoegelser/
Med venlig hilsen BørnePåmindelser.dk",
    "subject": "Påmindelse om vaccination af Sille",
  },
  Object {
    "email": "myemail@gmail.com",
    "message": "Dette er en påmindelse om, at dit barn Sille skal have sin 5 måneders vaccination. Du skal selv bestille tid hos lægen. Læs mere på https://www.sundhed.dk/borger/patienthaandbogen/boern/undersoegelser/boerneundersoegelser/
Med venlig hilsen BørnePåmindelser.dk",
    "subject": "Påmindelse om vaccination af Sille",
  },
  Object {
    "email": "myemail+xtra@gmail.com",
    "message": "Dette er en påmindelse om, at dit barn Lars skal have sin 12 måneders vaccination. Du skal selv bestille tid hos lægen. Læs mere på https://www.sundhed.dk/borger/patienthaandbogen/boern/undersoegelser/boerneundersoegelser/
Med venlig hilsen BørnePåmindelser.dk",
    "subject": "Påmindelse om vaccination af Lars",
  },
  Object {
    "email": "myemail@gmail.com",
    "message": "Dette er en påmindelse om, at dit barn Lars skal have sin 12 måneders vaccination. Du skal selv bestille tid hos lægen. Læs mere på https://www.sundhed.dk/borger/patienthaandbogen/boern/undersoegelser/boerneundersoegelser/
Med venlig hilsen BørnePåmindelser.dk",
    "subject": "Påmindelse om vaccination af Lars",
  },
  Object {
    "email": "myemail+xtra@gmail.com",
    "message": "Dette er en påmindelse om, at dit barn Søren skal have sin 12 måneders vaccination. Du skal selv bestille tid hos lægen. Læs mere på https://www.sundhed.dk/borger/patienthaandbogen/boern/undersoegelser/boerneundersoegelser/
Med venlig hilsen BørnePåmindelser.dk",
    "subject": "Påmindelse om vaccination af Søren",
  },
  Object {
    "email": "myemail@gmail.com",
    "message": "Dette er en påmindelse om, at dit barn Søren skal have sin 12 måneders vaccination. Du skal selv bestille tid hos lægen. Læs mere på https://www.sundhed.dk/borger/patienthaandbogen/boern/undersoegelser/boerneundersoegelser/
Med venlig hilsen BørnePåmindelser.dk",
    "subject": "Påmindelse om vaccination af Søren",
  },
  Object {
    "email": "myemail+xtra@gmail.com",
    "message": "Dette er en påmindelse om, at dit barn Sille skal have sin 12 måneders vaccination. Du skal selv bestille tid hos lægen. Læs mere på https://www.sundhed.dk/borger/patienthaandbogen/boern/undersoegelser/boerneundersoegelser/
Med venlig hilsen BørnePåmindelser.dk",
    "subject": "Påmindelse om vaccination af Sille",
  },
  Object {
    "email": "myemail@gmail.com",
    "message": "Dette er en påmindelse om, at dit barn Sille skal have sin 12 måneders vaccination. Du skal selv bestille tid hos lægen. Læs mere på https://www.sundhed.dk/borger/patienthaandbogen/boern/undersoegelser/boerneundersoegelser/
Med venlig hilsen BørnePåmindelser.dk",
    "subject": "Påmindelse om vaccination af Sille",
  },
  Object {
    "email": "myemail+xtra@gmail.com",
    "message": "Dette er en påmindelse om, at dit barn Lars skal have sin 15 måneders vaccination. Du skal selv bestille tid hos lægen. Læs mere på https://www.sundhed.dk/borger/patienthaandbogen/boern/undersoegelser/boerneundersoegelser/
Med venlig hilsen BørnePåmindelser.dk",
    "subject": "Påmindelse om vaccination af Lars",
  },
  Object {
    "email": "myemail@gmail.com",
    "message": "Dette er en påmindelse om, at dit barn Lars skal have sin 15 måneders vaccination. Du skal selv bestille tid hos lægen. Læs mere på https://www.sundhed.dk/borger/patienthaandbogen/boern/undersoegelser/boerneundersoegelser/
Med venlig hilsen BørnePåmindelser.dk",
    "subject": "Påmindelse om vaccination af Lars",
  },
  Object {
    "email": "myemail+xtra@gmail.com",
    "message": "Dette er en påmindelse om, at dit barn Søren skal have sin 15 måneders vaccination. Du skal selv bestille tid hos lægen. Læs mere på https://www.sundhed.dk/borger/patienthaandbogen/boern/undersoegelser/boerneundersoegelser/
Med venlig hilsen BørnePåmindelser.dk",
    "subject": "Påmindelse om vaccination af Søren",
  },
  Object {
    "email": "myemail@gmail.com",
    "message": "Dette er en påmindelse om, at dit barn Søren skal have sin 15 måneders vaccination. Du skal selv bestille tid hos lægen. Læs mere på https://www.sundhed.dk/borger/patienthaandbogen/boern/undersoegelser/boerneundersoegelser/
Med venlig hilsen BørnePåmindelser.dk",
    "subject": "Påmindelse om vaccination af Søren",
  },
  Object {
    "email": "myemail+xtra@gmail.com",
    "message": "Dette er en påmindelse om, at dit barn Sille skal have sin 15 måneders vaccination. Du skal selv bestille tid hos lægen. Læs mere på https://www.sundhed.dk/borger/patienthaandbogen/boern/undersoegelser/boerneundersoegelser/
Med venlig hilsen BørnePåmindelser.dk",
    "subject": "Påmindelse om vaccination af Sille",
  },
  Object {
    "email": "myemail@gmail.com",
    "message": "Dette er en påmindelse om, at dit barn Sille skal have sin 15 måneders vaccination. Du skal selv bestille tid hos lægen. Læs mere på https://www.sundhed.dk/borger/patienthaandbogen/boern/undersoegelser/boerneundersoegelser/
Med venlig hilsen BørnePåmindelser.dk",
    "subject": "Påmindelse om vaccination af Sille",
  },
  Object {
    "email": "myemail+xtra@gmail.com",
    "message": "Dette er en påmindelse om, at dit barn Lars skal have sin 4 års vaccination. Du skal selv bestille tid hos lægen. Læs mere på https://www.sundhed.dk/borger/patienthaandbogen/boern/undersoegelser/boerneundersoegelser/
Med venlig hilsen BørnePåmindelser.dk",
    "subject": "Påmindelse om vaccination af Lars",
  },
  Object {
    "email": "myemail@gmail.com",
    "message": "Dette er en påmindelse om, at dit barn Lars skal have sin 4 års vaccination. Du skal selv bestille tid hos lægen. Læs mere på https://www.sundhed.dk/borger/patienthaandbogen/boern/undersoegelser/boerneundersoegelser/
Med venlig hilsen BørnePåmindelser.dk",
    "subject": "Påmindelse om vaccination af Lars",
  },
  Object {
    "email": "myemail+xtra@gmail.com",
    "message": "Dette er en påmindelse om, at dit barn Søren skal have sin 4 års vaccination. Du skal selv bestille tid hos lægen. Læs mere på https://www.sundhed.dk/borger/patienthaandbogen/boern/undersoegelser/boerneundersoegelser/
Med venlig hilsen BørnePåmindelser.dk",
    "subject": "Påmindelse om vaccination af Søren",
  },
  Object {
    "email": "myemail@gmail.com",
    "message": "Dette er en påmindelse om, at dit barn Søren skal have sin 4 års vaccination. Du skal selv bestille tid hos lægen. Læs mere på https://www.sundhed.dk/borger/patienthaandbogen/boern/undersoegelser/boerneundersoegelser/
Med venlig hilsen BørnePåmindelser.dk",
    "subject": "Påmindelse om vaccination af Søren",
  },
  Object {
    "email": "myemail+xtra@gmail.com",
    "message": "Dette er en påmindelse om, at dit barn Sille skal have sin 4 års vaccination. Du skal selv bestille tid hos lægen. Læs mere på https://www.sundhed.dk/borger/patienthaandbogen/boern/undersoegelser/boerneundersoegelser/
Med venlig hilsen BørnePåmindelser.dk",
    "subject": "Påmindelse om vaccination af Sille",
  },
  Object {
    "email": "myemail@gmail.com",
    "message": "Dette er en påmindelse om, at dit barn Sille skal have sin 4 års vaccination. Du skal selv bestille tid hos lægen. Læs mere på https://www.sundhed.dk/borger/patienthaandbogen/boern/undersoegelser/boerneundersoegelser/
Med venlig hilsen BørnePåmindelser.dk",
    "subject": "Påmindelse om vaccination af Sille",
  },
  Object {
    "email": "myemail+xtra@gmail.com",
    "message": "Dette er en påmindelse om, at dit barn Lars skal have sin 5 års vaccination. Du skal selv bestille tid hos lægen. Læs mere på https://www.sundhed.dk/borger/patienthaandbogen/boern/undersoegelser/boerneundersoegelser/
Med venlig hilsen BørnePåmindelser.dk",
    "subject": "Påmindelse om vaccination af Lars",
  },
  Object {
    "email": "myemail@gmail.com",
    "message": "Dette er en påmindelse om, at dit barn Lars skal have sin 5 års vaccination. Du skal selv bestille tid hos lægen. Læs mere på https://www.sundhed.dk/borger/patienthaandbogen/boern/undersoegelser/boerneundersoegelser/
Med venlig hilsen BørnePåmindelser.dk",
    "subject": "Påmindelse om vaccination af Lars",
  },
  Object {
    "email": "myemail+xtra@gmail.com",
    "message": "Dette er en påmindelse om, at dit barn Søren skal have sin 5 års vaccination. Du skal selv bestille tid hos lægen. Læs mere på https://www.sundhed.dk/borger/patienthaandbogen/boern/undersoegelser/boerneundersoegelser/
Med venlig hilsen BørnePåmindelser.dk",
    "subject": "Påmindelse om vaccination af Søren",
  },
  Object {
    "email": "myemail@gmail.com",
    "message": "Dette er en påmindelse om, at dit barn Søren skal have sin 5 års vaccination. Du skal selv bestille tid hos lægen. Læs mere på https://www.sundhed.dk/borger/patienthaandbogen/boern/undersoegelser/boerneundersoegelser/
Med venlig hilsen BørnePåmindelser.dk",
    "subject": "Påmindelse om vaccination af Søren",
  },
  Object {
    "email": "myemail+xtra@gmail.com",
    "message": "Dette er en påmindelse om, at dit barn Sille skal have sin 5 års vaccination. Du skal selv bestille tid hos lægen. Læs mere på https://www.sundhed.dk/borger/patienthaandbogen/boern/undersoegelser/boerneundersoegelser/
Med venlig hilsen BørnePåmindelser.dk",
    "subject": "Påmindelse om vaccination af Sille",
  },
  Object {
    "email": "myemail@gmail.com",
    "message": "Dette er en påmindelse om, at dit barn Sille skal have sin 5 års vaccination. Du skal selv bestille tid hos lægen. Læs mere på https://www.sundhed.dk/borger/patienthaandbogen/boern/undersoegelser/boerneundersoegelser/
Med venlig hilsen BørnePåmindelser.dk",
    "subject": "Påmindelse om vaccination af Sille",
  },
  Object {
    "email": "myemail+xtra@gmail.com",
    "message": "Dette er en påmindelse om, at dit barn Lars skal have sin 12 års vaccination. Du skal selv bestille tid hos lægen. Læs mere på https://www.sundhed.dk/borger/patienthaandbogen/boern/undersoegelser/boerneundersoegelser/
Med venlig hilsen BørnePåmindelser.dk",
    "subject": "Påmindelse om vaccination af Lars",
  },
  Object {
    "email": "myemail@gmail.com",
    "message": "Dette er en påmindelse om, at dit barn Lars skal have sin 12 års vaccination. Du skal selv bestille tid hos lægen. Læs mere på https://www.sundhed.dk/borger/patienthaandbogen/boern/undersoegelser/boerneundersoegelser/
Med venlig hilsen BørnePåmindelser.dk",
    "subject": "Påmindelse om vaccination af Lars",
  },
  Object {
    "email": "myemail+xtra@gmail.com",
    "message": "Dette er en påmindelse om, at dit barn Søren skal have sin 12 års vaccination. Du skal selv bestille tid hos lægen. Læs mere på https://www.sundhed.dk/borger/patienthaandbogen/boern/undersoegelser/boerneundersoegelser/
Med venlig hilsen BørnePåmindelser.dk",
    "subject": "Påmindelse om vaccination af Søren",
  },
  Object {
    "email": "myemail@gmail.com",
    "message": "Dette er en påmindelse om, at dit barn Søren skal have sin 12 års vaccination. Du skal selv bestille tid hos lægen. Læs mere på https://www.sundhed.dk/borger/patienthaandbogen/boern/undersoegelser/boerneundersoegelser/
Med venlig hilsen BørnePåmindelser.dk",
    "subject": "Påmindelse om vaccination af Søren",
  },
  Object {
    "email": "myemail+xtra@gmail.com",
    "message": "Dette er en påmindelse om, at dit barn Sille skal have sin 12 års vaccination. Du skal selv bestille tid hos lægen. Læs mere på https://www.sundhed.dk/borger/patienthaandbogen/boern/undersoegelser/boerneundersoegelser/
Med venlig hilsen BørnePåmindelser.dk",
    "subject": "Påmindelse om vaccination af Sille",
  },
  Object {
    "email": "myemail@gmail.com",
    "message": "Dette er en påmindelse om, at dit barn Sille skal have sin 12 års vaccination. Du skal selv bestille tid hos lægen. Læs mere på https://www.sundhed.dk/borger/patienthaandbogen/boern/undersoegelser/boerneundersoegelser/
Med venlig hilsen BørnePåmindelser.dk",
    "subject": "Påmindelse om vaccination af Sille",
  },
]
`;
