// Jest Snapshot v1, https://goo.gl/fbAQLP

exports[`formatReminders should format reminders correctly 1`] = `
Array [
  Object {
    "dateOfBirth": "2017-12-22",
    "email": "larsfar@gmail.com",
    "emails": Object {
      "auth": "larsfar@gmail.com",
    },
    "gender": "male",
    "name": "Lars",
  },
  Object {
    "dateOfBirth": "2016-08-15",
    "email": "sillemor@gmail.com",
    "emails": Object {
      "auth": "sillemor@gmail.com",
    },
    "gender": "female",
    "name": "Sille",
  },
]
`;

exports[`getEmailsToSend It should format messages correctly 1`] = `
Array [
  Object {
    "email": "larsfar@gmail.com",
    "message": "Kære forælder,

Dette er en påmindelse om, at dit barn Lars skal til børneundersøgelse hos jeres læge. Du skal selv huske at bestille tid.

Læs mere om børneundersøgelserne på https://www.sundhed.dk/borger/patienthaandbogen/boern/undersoegelser/boerneundersoegelser/

Med venlig hilsen
BørnePåmindelser.dk",
    "subject": "Påmindelse om børneundersøgelse af Lars",
  },
  Object {
    "email": "sillemor@gmail.com",
    "message": "Kære forælder,

Dette er en påmindelse om, at dit barn Sille skal til børneundersøgelse hos jeres læge. Du skal selv huske at bestille tid.

Læs mere om børneundersøgelserne på https://www.sundhed.dk/borger/patienthaandbogen/boern/undersoegelser/boerneundersoegelser/

Med venlig hilsen
BørnePåmindelser.dk",
    "subject": "Påmindelse om børneundersøgelse af Sille",
  },
  Object {
    "email": "larsfar@gmail.com",
    "message": "Kære forælder,

Dette er en påmindelse om, at dit barn Lars skal have sin 3 måneders vaccination hos jeres læge. Du skal selv huske at bestille tid.

Læs mere om det danske vaccinations program på https://sst.dk/da/sygdom-og-behandling/vaccinationer/~/media/811A9F6CD64B4462B6FDFE503787CC71.ashx

Med venlig hilsen
BørnePåmindelser.dk",
    "subject": "Påmindelse om vaccination af Lars",
  },
  Object {
    "email": "sillemor@gmail.com",
    "message": "Kære forælder,

Dette er en påmindelse om, at dit barn Sille skal have sin 3 måneders vaccination hos jeres læge. Du skal selv huske at bestille tid.

Læs mere om det danske vaccinations program på https://sst.dk/da/sygdom-og-behandling/vaccinationer/~/media/811A9F6CD64B4462B6FDFE503787CC71.ashx

Med venlig hilsen
BørnePåmindelser.dk",
    "subject": "Påmindelse om vaccination af Sille",
  },
  Object {
    "email": "larsfar@gmail.com",
    "message": "Kære forælder,

Dette er en påmindelse om, at dit barn Lars skal have sin 5 måneders vaccination og til børneundersøgelse hos jeres læge. Du skal selv huske at bestille tid.

Læs mere om børneundersøgelserne på https://www.sundhed.dk/borger/patienthaandbogen/boern/undersoegelser/boerneundersoegelser/
Læs mere om det danske vaccinations program på https://sst.dk/da/sygdom-og-behandling/vaccinationer/~/media/811A9F6CD64B4462B6FDFE503787CC71.ashx

Med venlig hilsen
BørnePåmindelser.dk",
    "subject": "Påmindelse om vaccination og børneundersøgelse af Lars",
  },
  Object {
    "email": "sillemor@gmail.com",
    "message": "Kære forælder,

Dette er en påmindelse om, at dit barn Sille skal have sin 5 måneders vaccination og til børneundersøgelse hos jeres læge. Du skal selv huske at bestille tid.

Læs mere om børneundersøgelserne på https://www.sundhed.dk/borger/patienthaandbogen/boern/undersoegelser/boerneundersoegelser/
Læs mere om det danske vaccinations program på https://sst.dk/da/sygdom-og-behandling/vaccinationer/~/media/811A9F6CD64B4462B6FDFE503787CC71.ashx

Med venlig hilsen
BørnePåmindelser.dk",
    "subject": "Påmindelse om vaccination og børneundersøgelse af Sille",
  },
  Object {
    "email": "larsfar@gmail.com",
    "message": "Kære forælder,

Dette er en påmindelse om, at dit barn Lars skal have sin 12 måneders vaccination og til børneundersøgelse hos jeres læge. Du skal selv huske at bestille tid.

Læs mere om børneundersøgelserne på https://www.sundhed.dk/borger/patienthaandbogen/boern/undersoegelser/boerneundersoegelser/
Læs mere om det danske vaccinations program på https://sst.dk/da/sygdom-og-behandling/vaccinationer/~/media/811A9F6CD64B4462B6FDFE503787CC71.ashx

Med venlig hilsen
BørnePåmindelser.dk",
    "subject": "Påmindelse om vaccination og børneundersøgelse af Lars",
  },
  Object {
    "email": "sillemor@gmail.com",
    "message": "Kære forælder,

Dette er en påmindelse om, at dit barn Sille skal have sin 12 måneders vaccination og til børneundersøgelse hos jeres læge. Du skal selv huske at bestille tid.

Læs mere om børneundersøgelserne på https://www.sundhed.dk/borger/patienthaandbogen/boern/undersoegelser/boerneundersoegelser/
Læs mere om det danske vaccinations program på https://sst.dk/da/sygdom-og-behandling/vaccinationer/~/media/811A9F6CD64B4462B6FDFE503787CC71.ashx

Med venlig hilsen
BørnePåmindelser.dk",
    "subject": "Påmindelse om vaccination og børneundersøgelse af Sille",
  },
  Object {
    "email": "larsfar@gmail.com",
    "message": "Kære forælder,

Dette er en påmindelse om, at dit barn Lars skal have sin 15 måneders vaccination og til børneundersøgelse hos jeres læge. Du skal selv huske at bestille tid.

Læs mere om børneundersøgelserne på https://www.sundhed.dk/borger/patienthaandbogen/boern/undersoegelser/boerneundersoegelser/
Læs mere om det danske vaccinations program på https://sst.dk/da/sygdom-og-behandling/vaccinationer/~/media/811A9F6CD64B4462B6FDFE503787CC71.ashx

Med venlig hilsen
BørnePåmindelser.dk",
    "subject": "Påmindelse om vaccination og børneundersøgelse af Lars",
  },
  Object {
    "email": "sillemor@gmail.com",
    "message": "Kære forælder,

Dette er en påmindelse om, at dit barn Sille skal have sin 15 måneders vaccination og til børneundersøgelse hos jeres læge. Du skal selv huske at bestille tid.

Læs mere om børneundersøgelserne på https://www.sundhed.dk/borger/patienthaandbogen/boern/undersoegelser/boerneundersoegelser/
Læs mere om det danske vaccinations program på https://sst.dk/da/sygdom-og-behandling/vaccinationer/~/media/811A9F6CD64B4462B6FDFE503787CC71.ashx

Med venlig hilsen
BørnePåmindelser.dk",
    "subject": "Påmindelse om vaccination og børneundersøgelse af Sille",
  },
  Object {
    "email": "larsfar@gmail.com",
    "message": "Kære forælder,

Dette er en påmindelse om, at dit barn Lars skal til børneundersøgelse hos jeres læge. Du skal selv huske at bestille tid.

Læs mere om børneundersøgelserne på https://www.sundhed.dk/borger/patienthaandbogen/boern/undersoegelser/boerneundersoegelser/

Med venlig hilsen
BørnePåmindelser.dk",
    "subject": "Påmindelse om børneundersøgelse af Lars",
  },
  Object {
    "email": "sillemor@gmail.com",
    "message": "Kære forælder,

Dette er en påmindelse om, at dit barn Sille skal til børneundersøgelse hos jeres læge. Du skal selv huske at bestille tid.

Læs mere om børneundersøgelserne på https://www.sundhed.dk/borger/patienthaandbogen/boern/undersoegelser/boerneundersoegelser/

Med venlig hilsen
BørnePåmindelser.dk",
    "subject": "Påmindelse om børneundersøgelse af Sille",
  },
  Object {
    "email": "larsfar@gmail.com",
    "message": "Kære forælder,

Dette er en påmindelse om, at dit barn Lars skal til børneundersøgelse hos jeres læge. Du skal selv huske at bestille tid.

Læs mere om børneundersøgelserne på https://www.sundhed.dk/borger/patienthaandbogen/boern/undersoegelser/boerneundersoegelser/

Med venlig hilsen
BørnePåmindelser.dk",
    "subject": "Påmindelse om børneundersøgelse af Lars",
  },
  Object {
    "email": "sillemor@gmail.com",
    "message": "Kære forælder,

Dette er en påmindelse om, at dit barn Sille skal til børneundersøgelse hos jeres læge. Du skal selv huske at bestille tid.

Læs mere om børneundersøgelserne på https://www.sundhed.dk/borger/patienthaandbogen/boern/undersoegelser/boerneundersoegelser/

Med venlig hilsen
BørnePåmindelser.dk",
    "subject": "Påmindelse om børneundersøgelse af Sille",
  },
  Object {
    "email": "larsfar@gmail.com",
    "message": "Kære forælder,

Dette er en påmindelse om, at dit barn Lars skal have sin 4 års vaccination og til børneundersøgelse hos jeres læge. Du skal selv huske at bestille tid.

Læs mere om børneundersøgelserne på https://www.sundhed.dk/borger/patienthaandbogen/boern/undersoegelser/boerneundersoegelser/
Læs mere om det danske vaccinations program på https://sst.dk/da/sygdom-og-behandling/vaccinationer/~/media/811A9F6CD64B4462B6FDFE503787CC71.ashx

Med venlig hilsen
BørnePåmindelser.dk",
    "subject": "Påmindelse om vaccination og børneundersøgelse af Lars",
  },
  Object {
    "email": "sillemor@gmail.com",
    "message": "Kære forælder,

Dette er en påmindelse om, at dit barn Sille skal have sin 4 års vaccination og til børneundersøgelse hos jeres læge. Du skal selv huske at bestille tid.

Læs mere om børneundersøgelserne på https://www.sundhed.dk/borger/patienthaandbogen/boern/undersoegelser/boerneundersoegelser/
Læs mere om det danske vaccinations program på https://sst.dk/da/sygdom-og-behandling/vaccinationer/~/media/811A9F6CD64B4462B6FDFE503787CC71.ashx

Med venlig hilsen
BørnePåmindelser.dk",
    "subject": "Påmindelse om vaccination og børneundersøgelse af Sille",
  },
  Object {
    "email": "larsfar@gmail.com",
    "message": "Kære forælder,

Dette er en påmindelse om, at dit barn Lars skal have sin 5 års vaccination og til børneundersøgelse hos jeres læge. Du skal selv huske at bestille tid.

Læs mere om børneundersøgelserne på https://www.sundhed.dk/borger/patienthaandbogen/boern/undersoegelser/boerneundersoegelser/
Læs mere om det danske vaccinations program på https://sst.dk/da/sygdom-og-behandling/vaccinationer/~/media/811A9F6CD64B4462B6FDFE503787CC71.ashx

Med venlig hilsen
BørnePåmindelser.dk",
    "subject": "Påmindelse om vaccination og børneundersøgelse af Lars",
  },
  Object {
    "email": "sillemor@gmail.com",
    "message": "Kære forælder,

Dette er en påmindelse om, at dit barn Sille skal have sin 5 års vaccination og til børneundersøgelse hos jeres læge. Du skal selv huske at bestille tid.

Læs mere om børneundersøgelserne på https://www.sundhed.dk/borger/patienthaandbogen/boern/undersoegelser/boerneundersoegelser/
Læs mere om det danske vaccinations program på https://sst.dk/da/sygdom-og-behandling/vaccinationer/~/media/811A9F6CD64B4462B6FDFE503787CC71.ashx

Med venlig hilsen
BørnePåmindelser.dk",
    "subject": "Påmindelse om vaccination og børneundersøgelse af Sille",
  },
  Object {
    "email": "larsfar@gmail.com",
    "message": "Kære forælder,

Dette er en påmindelse om, at dit barn Lars skal have sin 12 års vaccination hos jeres læge. Du skal selv huske at bestille tid.

Læs mere om det danske vaccinations program på https://sst.dk/da/sygdom-og-behandling/vaccinationer/~/media/811A9F6CD64B4462B6FDFE503787CC71.ashx

Med venlig hilsen
BørnePåmindelser.dk",
    "subject": "Påmindelse om vaccination af Lars",
  },
  Object {
    "email": "sillemor@gmail.com",
    "message": "Kære forælder,

Dette er en påmindelse om, at dit barn Sille skal have sin 12 års vaccination hos jeres læge. Du skal selv huske at bestille tid.

Læs mere om det danske vaccinations program på https://sst.dk/da/sygdom-og-behandling/vaccinationer/~/media/811A9F6CD64B4462B6FDFE503787CC71.ashx

Med venlig hilsen
BørnePåmindelser.dk",
    "subject": "Påmindelse om vaccination af Sille",
  },
]
`;
